// Jest Snapshot v1, https://goo.gl/fbAQLP

exports[`SearchScreen renders correctly 1`] = `
[
  <RNCSafeAreaView
    edges={
      {
        "bottom": "additive",
        "left": "additive",
        "right": "additive",
        "top": "additive",
      }
    }
    style={
      {
        "backgroundColor": "#f0b9ef",
        "flex": 0,
      }
    }
  />,
  <ViewManagerAdapter_ExpoLinearGradient
    colors={
      [
        4293966319,
        4289647087,
      ]
    }
    style={
      {
        "alignItems": "center",
        "flex": 1,
        "justifyContent": "center",
      }
    }
  >
    <View
      collapsable={false}
      style={
        {
          "alignSelf": "stretch",
          "backgroundColor": "rgba(0, 0, 0, 0)",
          "flex": 1,
        }
      }
    >
      <View
        style={
          {
            "alignItems": "center",
            "flexDirection": "row",
            "gap": 8,
            "justifyContent": "center",
            "paddingBottom": 8,
            "paddingHorizontal": 30,
            "paddingTop": 30,
            "width": "100%",
          }
        }
      >
        <Text />
        <TextInput
          onChangeText={[Function]}
          placeholder="Search for artists"
          placeholderTextColor="gray"
          style={
            {
              "borderColor": "gray",
              "borderRadius": 16,
              "borderWidth": 1,
              "color": "gray",
              "flex": 1,
              "height": 40,
              "paddingHorizontal": 16,
              "width": "100%",
            }
          }
          value=""
        />
      </View>
      <View
        style={
          {
            "height": "100%",
            "paddingHorizontal": 60,
          }
        }
      >
        <ActivityIndicator
          animating={false}
          color="gray"
          hidesWhenStopped={true}
          size="small"
          style={
            {
              "marginLeft": 8,
            }
          }
        />
      </View>
    </View>
  </ViewManagerAdapter_ExpoLinearGradient>,
  <RNCSafeAreaView
    edges={
      {
        "bottom": "additive",
        "left": "additive",
        "right": "additive",
        "top": "additive",
      }
    }
    style={
      {
        "backgroundColor": "#aed1ef",
        "flex": 0,
      }
    }
  />,
]
`;
